{"timestamp":"2026-09-27T09:13:01+09:00","alertId":"wi-01","action":"block","confidence":0.95,"reason":"SQL 구문 반복"}
{"timestamp":"2026-09-27T09:13:20+09:00","alertId":"wi-02","action":"block","confidence":0.95,"reason":"스크립트 태그 반복"}
{"timestamp":"2026-09-27T09:16:04+09:00","alertId":"wi-03","action":"block","confidence":0.95,"reason":"경로 상위 이동 반복"}
{"timestamp":"2026-09-27T10:02:11+09:00","alertId":"wi-04","action":"block","confidence":0.95,"reason":"SQL 구문 반복"}
{"timestamp":"2026-09-27T10:18:33+09:00","alertId":"wi-05","action":"block","confidence":0.95,"reason":"SQL 구문 반복"}
{"timestamp":"2026-09-27T11:07:08+09:00","alertId":"wi-06","action":"record","confidence":0.1,"reason":"근거 패턴 없음"}
{"timestamp":"2026-09-27T13:04:19+09:00","alertId":"wi-07","action":"block","confidence":0.95,"reason":"경로 상위 이동 반복"}
{"timestamp":"2026-09-27T14:26:02+09:00","alertId":"wi-08","action":"block","confidence":0.95,"reason":"SQL 구문 반복"}
{"timestamp":"2026-09-27T09:22:14+09:00","alertId":"wi-09","action":"record","confidence":0.1,"reason":"근거 패턴 없음"}
{"timestamp":"2026-09-27T09:36:40+09:00","alertId":"wi-10","action":"alert","confidence":0.5,"reason":"SQL 구문 반복"}
{"timestamp":"2026-09-27T10:11:06+09:00","alertId":"wi-11","action":"record","confidence":0.1,"reason":"근거 패턴 없음"}
{"timestamp":"2026-09-27T10:44:18+09:00","alertId":"wi-12","action":"record","confidence":0.1,"reason":"근거 패턴 없음"}
{"timestamp":"2026-09-27T11:20:09+09:00","alertId":"wi-13","action":"record","confidence":0.1,"reason":"근거 패턴 없음"}
{"timestamp":"2026-09-27T12:08:27+09:00","alertId":"wi-14","action":"alert","confidence":0.5,"reason":"SQL 구문 반복"}
{"timestamp":"2026-09-27T13:15:03+09:00","alertId":"wi-15","action":"record","confidence":0.1,"reason":"근거 패턴 없음"}
{"timestamp":"2026-09-27T14:09:50+09:00","alertId":"wi-16","action":"record","confidence":0.1,"reason":"근거 패턴 없음"}
{"timestamp":"2026-09-27T15:18:12+09:00","alertId":"wi-17","action":"record","confidence":0.1,"reason":"근거 패턴 없음"}
{"timestamp":"2026-09-27T09:04:05+09:00","alertId":"wi-18","action":"record","confidence":0.1,"reason":"근거 패턴 없음"}
{"timestamp":"2026-09-27T09:25:16+09:00","alertId":"wi-19","action":"record","confidence":0.1,"reason":"근거 패턴 없음"}
{"timestamp":"2026-09-27T10:03:08+09:00","alertId":"wi-20","action":"record","confidence":0.1,"reason":"근거 패턴 없음"}
{"timestamp":"2026-09-27T10:40:21+09:00","alertId":"wi-21","action":"record","confidence":0.1,"reason":"근거 패턴 없음"}
{"timestamp":"2026-09-27T11:12:44+09:00","alertId":"wi-22","action":"record","confidence":0.1,"reason":"근거 패턴 없음"}
{"timestamp":"2026-09-27T12:16:02+09:00","alertId":"wi-23","action":"record","confidence":0.1,"reason":"근거 패턴 없음"}
{"timestamp":"2026-09-27T13:28:37+09:00","alertId":"wi-24","action":"record","confidence":0.1,"reason":"근거 패턴 없음"}
{"timestamp":"2026-09-27T14:33:09+09:00","alertId":"wi-25","action":"record","confidence":0.1,"reason":"근거 패턴 없음"}
{"timestamp":"2026-09-27T15:47:18+09:00","alertId":"wi-26","action":"record","confidence":0.1,"reason":"근거 패턴 없음"}
